
> astralo@0.0.1 build
> astro build

[2m23:44:10[22m [34m[content][39m Syncing content
[2m23:44:10[22m [34m[content][39m Synced content
[2m23:44:10[22m [34m[types][39m Generated [2m54ms[22m
[2m23:44:10[22m [34m[build][39m output: [34m"server"[39m
[2m23:44:10[22m [34m[build][39m mode: [34m"server"[39m
[2m23:44:10[22m [34m[build][39m directory: [34mC:\Users\User\Desktop\Projects\Astralo\dist\[39m
[2m23:44:10[22m [34m[build][39m adapter: [32m@astrojs/vercel[39m
[2m23:44:10[22m [34m[build][39m Collecting build info...
[2m23:44:10[22m [34m[build][39m [32m✓ Completed in 134ms.[39m
[2m23:44:10[22m [34m[build][39m Building server entrypoints...
[31m[1m23:44:12[22m [ERROR] [vite][39m [31m✗[39m Build failed in 1.46s
Expected "]" but found "s"
  [1mLocation:[22m
    [4mC:/Users/User/Desktop/Projects/Astralo/src/pages/blog/[slug].astro:131:21[24m
  [1mStack trace:[22m
[2m    at failureErrorWithLog (C:\Users\User\Desktop\Projects\Astralo\node_modules\esbuild\lib\main.js:1467:15)
    at responseCallbacks.<computed> (C:\Users\User\Desktop\Projects\Astralo\node_modules\esbuild\lib\main.js:603:9)
    at Socket.readFromStdout (C:\Users\User\Desktop\Projects\Astralo\node_modules\esbuild\lib\main.js:581:7)
    at addChunk (node:internal/streams/readable:559:12)
    at Readable.push (node:internal/streams/readable:390:5)[22m
